../Core/Src/main.c:105:6:Deal_Timer2	24	static
../Core/Src/main.c:127:6:HAL_TIM_PeriodElapsedCallback	16	static
../Core/Src/main.c:135:6:HAL_UART_RxHalfCpltCallback	16	static
../Core/Src/main.c:143:6:HAL_UART_RxCpltCallback	16	static
../Core/Src/main.c:165:5:main	24	static
../Core/Src/main.c:244:6:SystemClock_Config	72	static
../Core/Src/main.c:284:13:MX_TIM1_Init	80	static
../Core/Src/main.c:361:13:MX_TIM2_Init	32	static
../Core/Src/main.c:406:13:MX_TIM3_Init	56	static
../Core/Src/main.c:455:13:MX_TIM4_Init	56	static
../Core/Src/main.c:504:13:MX_USART2_UART_Init	8	static
../Core/Src/main.c:537:13:MX_USART3_UART_Init	8	static
../Core/Src/main.c:568:13:MX_DMA_Init	16	static
../Core/Src/main.c:595:13:MX_GPIO_Init	24	static
../Core/Src/main.c:617:6:Error_Handler	4	static,ignoring_inline_asm
