../Core/Src/main.c:86:6:HAL_GPIO_EXTI_Callback	24	static
../Core/Src/main.c:108:6:HAL_TIM_PeriodElapsedCallback	16	static
../Core/Src/main.c:135:5:main	8	static
../Core/Src/main.c:220:6:SystemClock_Config	72	static
../Core/Src/main.c:260:13:MX_TIM1_Init	32	static
../Core/Src/main.c:306:13:MX_TIM2_Init	32	static
../Core/Src/main.c:351:13:MX_TIM3_Init	32	static
../Core/Src/main.c:396:13:MX_USART3_UART_Init	8	static
../Core/Src/main.c:427:13:MX_DMA_Init	16	static
../Core/Src/main.c:448:13:MX_GPIO_Init	40	static
../Core/Src/main.c:500:6:Error_Handler	4	static,ignoring_inline_asm
